
> my-v0-project@0.1.0 build
> next build

Γû▓ Next.js 16.1.3 (Turbopack)
- Environments: .env.local

  Creating an optimized production build ...
node.exe : Turbopack 
build encountered 1 
warnings:
At line:1 char:1
+ & "C:\Program Files
\nodejs/node.exe" 
"C:\Program 
Files\nodejs/node_mo 
...
+ ~~~~~~~~~~~~~~~~~~~
~~~~~~~~~~~~~~~~~~~~~
~~~~~~~~~~~~~~~~~~~~~
~~~~~~~~
    + CategoryInfo   
           : NotSpe  
  cified: (Turbopa   
 ck build encount    
ered 1 warnings:    
:String) [], Rem    
oteException
    + FullyQualified 
   ErrorId : Native  
  CommandError
 
./app/api/debug/find-
student/route.ts:25:3
2
Module not found: 
Can't resolve './mode
ls/MentorAssignment'
[0m [90m 23 |[39m 
      
 [90m 24 |[39m     
  [90m// Now check 
for mentor 
assignment[39m
[31m[1m>[22m[39m
[90m 25 |[39m       
[36mconst[39m [33m
MentorAssignment[39m
 [33m=[39m require(
[32m'./models/Mentor
Assignment'[39m)[33
m.[39m[36mdefault[
39m[33m;[39m
 [90m    |[39m     
                     
      [31m[1m^[22m
[39m[31m[1m^[22m
[39m[31m[1m^[22m[
39m[31m[1m^[22m[3
9m[31m[1m^[22m[39
m[31m[1m^[22m[39m
[31m[1m^[22m[39m
[31m[1m^[22m[39m[
31m[1m^[22m[39m[3
1m[1m^[22m[39m[31
m[1m^[22m[39m[31m
[1m^[22m[39m[31m
[1m^[22m[39m[31m[
1m^[22m[39m[31m[1
m^[22m[39m[31m[1m
^[22m[39m[31m[1m^
[22m[39m[31m[1m^
[22m[39m[31m[1m^[
22m[39m[31m[1m^[2
2m[39m[31m[1m^[22
m[39m[31m[1m^[22m
[39m[31m[1m^[22m
[39m[31m[1m^[22m[
39m[31m[1m^[22m[3
9m[31m[1m^[22m[39
m[31m[1m^[22m[39m
[31m[1m^[22m[39m
[31m[1m^[22m[39m[
31m[1m^[22m[39m[3
1m[1m^[22m[39m[31
m[1m^[22m[39m[31m
[1m^[22m[39m[31m
[1m^[22m[39m[31m[
1m^[22m[39m[31m[1
m^[22m[39m
 [90m 26 |[39m     
  [36mconst[39m { 
[33mObjectId[39m } 
[33m=[39m mongoose
[33m.[39m[33mTypes
[39m[33m;[39m
 [90m 27 |[39m     
  
 [90m 28 |[39m     
  [36mconst[39m 
assignment 
[33m=[39m 
[36mawait[39m [33m
MentorAssignment[39m
[33m.[39mfindOne({ 
[0m



https://nextjs.org/do
cs/messages/module-no
t-found



> Build error 
occurred
Error: Turbopack 
build failed with 1 
errors:
./app/api/projects/[i
d]/files/route.ts:180
:11
Ecmascript file had 
an error
[0m [90m 178 
|[39m     
 [90m 179 |[39m    
 [90m// Check if 
user is super 
admin[39m
[31m[1m>[22m[39m
[90m 180 |[39m     
[36mconst[39m user 
[33m=[39m 
[36mawait[39m [33m
User[39m[33m.[39mf
indById(session[33m.
[39muser[33m.[39mi
d)[33m;[39m
 [90m     |[39m    
       [31m[1m^[22
m[39m[31m[1m^[22m
[39m[31m[1m^[22m
[39m[31m[1m^[22m[
39m
 [90m 181 |[39m    
 [36mconst[39m 
isSuperAdmin 
[33m=[39m user[33m
?[39m[33m.[39mtype
 [33m===[39m [32m'
super-admin'[39m[33
m;[39m
 [90m 182 |[39m    
 [36mconst[39m 
isProjectOwner 
[33m=[39m project[
33m.[39mauthor[33m?
[39m[33m.[39mid 
[33m===[39m session
[33m.[39muser[33m.
[39mid[33m;[39m
 [90m 183 |[39m    
 [0m

the name `user` is 
defined multiple 
times


    at <unknown> (./a
pp/api/projects/[id]/
files/route.ts:180:11
)
