app/api/mentor/invitations/[id]/route.ts(127,84): error TS1128: Declaration or statement expected.
app/api/mentor/invitations/[id]/route.ts(144,5): error TS1005: 'try' expected.
app/api/mentor/invitations/[id]/route.ts(149,1): error TS1472: 'catch' or 'finally' expected.
components/mentor/AssignedStudents-broken.tsx(255,7): error TS2657: JSX expressions must have one parent element.
components/mentor/AssignedStudents-broken.tsx(280,17): error TS17002: Expected corresponding JSX closing tag for 'Card'.
components/mentor/AssignedStudents-broken.tsx(298,13): error TS1005: ')' expected.
components/mentor/AssignedStudents-broken.tsx(299,11): error TS1109: Expression expected.
components/mentor/AssignedStudents-broken.tsx(300,9): error TS1109: Expression expected.
components/mentor/AssignedStudents-broken.tsx(301,7): error TS1109: Expression expected.
components/mentor/AssignedStudents-broken.tsx(301,8): error TS1128: Declaration or statement expected.
components/mentor/AssignedStudents-broken.tsx(302,5): error TS1128: Declaration or statement expected.
components/mentor/AssignedStudents-broken.tsx(303,3): error TS1109: Expression expected.
components/mentor/AssignedStudents-broken.tsx(304,1): error TS1109: Expression expected.
components/mentor/AssignedStudents-broken.tsx(307,31): error TS1434: Unexpected keyword or identifier.
components/mentor/AssignedStudents-broken.tsx(307,40): error TS1434: Unexpected keyword or identifier.
components/mentor/AssignedStudents-broken.tsx(308,29): error TS1128: Declaration or statement expected.
components/mentor/AssignedStudents-broken.tsx(309,27): error TS1109: Expression expected.
components/mentor/AssignedStudents-broken.tsx(310,25): error TS1109: Expression expected.
components/mentor/AssignedStudents-broken.tsx(328,23): error TS1128: Declaration or statement expected.
components/mentor/AssignedStudents-broken.tsx(329,21): error TS1109: Expression expected.
components/mentor/AssignedStudents-broken.tsx(330,19): error TS1109: Expression expected.
components/mentor/AssignedStudents-broken.tsx(331,17): error TS1109: Expression expected.
components/mentor/AssignedStudents-broken.tsx(331,18): error TS1128: Declaration or statement expected.
components/mentor/AssignedStudents-broken.tsx(331,19): error TS1128: Declaration or statement expected.
components/mentor/AssignedStudents-broken.tsx(332,15): error TS1128: Declaration or statement expected.
components/mentor/AssignedStudents-broken.tsx(333,13): error TS1109: Expression expected.
components/mentor/AssignedStudents-broken.tsx(334,11): error TS1109: Expression expected.
components/mentor/AssignedStudents-broken.tsx(334,12): error TS1128: Declaration or statement expected.
components/mentor/AssignedStudents-broken.tsx(351,9): error TS1128: Declaration or statement expected.
components/mentor/AssignedStudents-broken.tsx(352,7): error TS1109: Expression expected.
components/mentor/AssignedStudents-broken.tsx(357,18): error TS1136: Property assignment expected.
components/mentor/AssignedStudents-broken.tsx(357,21): error TS1005: ';' expected.
components/mentor/AssignedStudents-broken.tsx(357,51): error TS1128: Declaration or statement expected.
components/mentor/AssignedStudents-broken.tsx(359,37): error TS1005: ',' expected.
components/mentor/AssignedStudents-broken.tsx(360,33): error TS1005: ',' expected.
components/mentor/AssignedStudents-broken.tsx(363,8): error TS1109: Expression expected.
components/mentor/AssignedStudents-broken.tsx(364,5): error TS1109: Expression expected.
components/mentor/AssignedStudents-broken.tsx(364,7): error TS1109: Expression expected.
components/mentor/AssignedStudents-broken.tsx(365,3): error TS1109: Expression expected.
components/mentor/AssignedStudents-broken.tsx(366,1): error TS1128: Declaration or statement expected.
